// Jest Snapshot v1, https://goo.gl/fbAQLP

exports[`Avatar Base DOM Snapshot 1`] = `
<div>
  <span
    className="slds-avatar slds-avatar_circle slds-avatar_medium"
  >
    <img
      alt="Person Name"
      onError={[Function]}
      src="https://lightningdesignsystem.com/assets/images/avatar2.jpg"
      title="user avatar"
    />
  </span>
</div>
`;

exports[`Avatar Entity Icon Snapshot 1`] = `
<div>
  <span
    className="slds-avatar slds-avatar_medium"
  >
    <span
      className="slds-icon_container slds-icon-standard-account"
      title={undefined}
    >
      <svg
        aria-hidden="true"
        className="slds-icon"
        style={undefined}
      >
        <use
          xlinkHref="/assets/icons/standard-sprite/svg/symbols.svg#account"
        />
      </svg>
      <span
        className="slds-assistive-text"
      >
        Account icon avatar
      </span>
    </span>
  </span>
</div>
`;

exports[`Avatar Entity Initials Snapshot 1`] = `
<div>
  <span
    className="slds-avatar slds-avatar_medium"
  >
    <abbr
      className="slds-avatar__initials slds-icon-standard-account"
      title="Acme Communications"
    >
      AC
    </abbr>
  </span>
</div>
`;

exports[`Avatar User Icon Snapshot 1`] = `
<div>
  <span
    className="slds-avatar slds-avatar_circle slds-avatar_medium"
  >
    <span
      className="slds-icon_container slds-icon-standard-user"
      title={undefined}
    >
      <svg
        aria-hidden="true"
        className="slds-icon"
        style={undefined}
      >
        <use
          xlinkHref="/assets/icons/standard-sprite/svg/symbols.svg#user"
        />
      </svg>
      <span
        className="slds-assistive-text"
      >
        User Icon Avatar
      </span>
    </span>
  </span>
</div>
`;

exports[`Avatar User Initials Snapshot 1`] = `
<div>
  <span
    className="slds-avatar slds-avatar_circle slds-avatar_medium"
  >
    <abbr
      className="slds-avatar__initials slds-icon-standard-user"
      title="Annie Wilson"
    >
      AW
    </abbr>
  </span>
</div>
`;
